{
  _type: 'element',
  tags: null,
  links: null,
  _stage: 'layouted',
  sourcePath: 'views.c4',
  description: null,
  title: 'InternetMonitor.Core - Architecture',
  id: 'coreArchitecture',
  autoLayout: {
    direction: 'TB',
  },
  hash: 'u3bCCjkXF2SrK-35fls6-eIbCNYxebEUPdkuYszZBEk',
  bounds: {
    x: -12,
    y: -12,
    width: 2212,
    height: 1228,
  },
  nodes: [
    {
      id: 'internetMonitor.core',
      parent: null,
      level: 0,
      children: [
        'internetMonitor.core.monitor',
        'internetMonitor.core.export',
        'internetMonitor.core.jsonExporter',
        'internetMonitor.core.csvExporter',
        'internetMonitor.core.pdfExporter',
        'internetMonitor.core.connectivity',
        'internetMonitor.core.speedtest',
        'internetMonitor.core.exporter',
        'internetMonitor.core.report',
        'internetMonitor.core.data',
      ],
      inEdges: [],
      outEdges: [
        '1t9opg4',
      ],
      title: 'InternetMonitor.Core',
      modelRef: 'internetMonitor.core',
      shape: 'rectangle',
      color: 'primary',
      style: {
        opacity: 15,
        size: 'md',
      },
      description: {
        txt: 'Core services, models, data access and moritoring logic.',
      },
      tags: [],
      kind: 'application',
      depth: 1,
      x: 8,
      y: 8,
      width: 2172,
      height: 927,
      labelBBox: {
        x: 6,
        y: 0,
        width: 146,
        height: 15,
      },
    },
    {
      id: 'internetMonitor.core.monitor',
      parent: 'internetMonitor.core',
      level: 1,
      children: [],
      inEdges: [],
      outEdges: [
        '11s6wn7',
        'qfurjr',
      ],
      title: 'Monitor Service',
      modelRef: 'internetMonitor.core.monitor',
      shape: 'rectangle',
      color: 'primary',
      style: {
        opacity: 15,
        size: 'md',
      },
      description: {
        txt: 'Coordinates scheduled connectivity and speed tests.',
      },
      tags: [],
      kind: 'service',
      x: 48,
      y: 69,
      width: 350,
      height: 180,
      labelBBox: {
        x: 18,
        y: 56,
        width: 314,
        height: 65,
      },
    },
    {
      id: 'internetMonitor.core.export',
      parent: 'internetMonitor.core',
      level: 1,
      children: [],
      inEdges: [],
      outEdges: [
        '9atqwu',
        '15s18fx',
      ],
      title: 'Export Service',
      modelRef: 'internetMonitor.core.export',
      shape: 'rectangle',
      color: 'primary',
      style: {
        opacity: 15,
        size: 'md',
      },
      description: {
        txt: 'Coordinates exporting monitoring data.',
      },
      tags: [],
      kind: 'service',
      x: 508,
      y: 69,
      width: 320,
      height: 180,
      labelBBox: {
        x: 29,
        y: 65,
        width: 262,
        height: 47,
      },
    },
    {
      id: 'internetMonitor.core.jsonExporter',
      parent: 'internetMonitor.core',
      level: 1,
      children: [],
      inEdges: [],
      outEdges: [
        'ydkyfm',
      ],
      title: 'Json Exporter',
      modelRef: 'internetMonitor.core.jsonExporter',
      shape: 'rectangle',
      color: 'primary',
      style: {
        opacity: 15,
        size: 'md',
      },
      description: {
        txt: 'Exports monitoring data as JSON.',
      },
      tags: [],
      kind: 'service',
      x: 938,
      y: 69,
      width: 320,
      height: 180,
      labelBBox: {
        x: 45,
        y: 65,
        width: 231,
        height: 47,
      },
    },
    {
      id: 'internetMonitor.core.csvExporter',
      parent: 'internetMonitor.core',
      level: 1,
      children: [],
      inEdges: [],
      outEdges: [
        '9v7vl8',
      ],
      title: 'CSV Exporter',
      modelRef: 'internetMonitor.core.csvExporter',
      shape: 'rectangle',
      color: 'primary',
      style: {
        opacity: 15,
        size: 'md',
      },
      description: {
        txt: 'Exports monitoring data as CSV.',
      },
      tags: [],
      kind: 'service',
      x: 1368,
      y: 69,
      width: 320,
      height: 180,
      labelBBox: {
        x: 49,
        y: 65,
        width: 222,
        height: 47,
      },
    },
    {
      id: 'internetMonitor.core.pdfExporter',
      parent: 'internetMonitor.core',
      level: 1,
      children: [],
      inEdges: [],
      outEdges: [
        '11mt108',
        '194u2f9',
      ],
      title: 'PDF Exporter',
      modelRef: 'internetMonitor.core.pdfExporter',
      shape: 'rectangle',
      color: 'primary',
      style: {
        opacity: 15,
        size: 'md',
      },
      description: {
        txt: 'Generates PDF reports from monitoring data.',
      },
      tags: [],
      kind: 'service',
      x: 1798,
      y: 69,
      width: 341,
      height: 180,
      labelBBox: {
        x: 19,
        y: 65,
        width: 305,
        height: 47,
      },
    },
    {
      id: 'internetMonitor.database',
      parent: null,
      level: 0,
      children: [],
      inEdges: [
        '1t9opg4',
      ],
      outEdges: [],
      title: 'SQLite Database',
      modelRef: 'internetMonitor.database',
      shape: 'rectangle',
      color: 'primary',
      style: {
        opacity: 15,
        size: 'md',
      },
      description: {
        txt: 'Stores connectivity and speed test results.',
      },
      tags: [],
      kind: 'database',
      x: 824,
      y: 1016,
      width: 321,
      height: 180,
      labelBBox: {
        x: 19,
        y: 65,
        width: 285,
        height: 47,
      },
    },
    {
      id: 'internetMonitor.core.connectivity',
      parent: 'internetMonitor.core',
      level: 1,
      children: [],
      inEdges: [
        '11s6wn7',
      ],
      outEdges: [
        '1t8wdcv',
      ],
      title: 'Connectivity Service',
      modelRef: 'internetMonitor.core.connectivity',
      shape: 'rectangle',
      color: 'primary',
      style: {
        opacity: 15,
        size: 'md',
      },
      description: {
        txt: 'Checks network connectivity using ping, DNS and HTTP checks.',
      },
      tags: [],
      kind: 'service',
      x: 48,
      y: 392,
      width: 341,
      height: 180,
      labelBBox: {
        x: 18,
        y: 56,
        width: 306,
        height: 65,
      },
    },
    {
      id: 'internetMonitor.core.speedtest',
      parent: 'internetMonitor.core',
      level: 1,
      children: [],
      inEdges: [
        'qfurjr',
      ],
      outEdges: [
        '7x292j',
      ],
      title: 'SpeedTest Service',
      modelRef: 'internetMonitor.core.speedtest',
      shape: 'rectangle',
      color: 'primary',
      style: {
        opacity: 15,
        size: 'md',
      },
      description: {
        txt: 'Runs Ookla Speedtest and processes speed test results.',
      },
      tags: [],
      kind: 'service',
      x: 500,
      y: 392,
      width: 365,
      height: 180,
      labelBBox: {
        x: 18,
        y: 56,
        width: 329,
        height: 65,
      },
    },
    {
      id: 'internetMonitor.core.exporter',
      parent: 'internetMonitor.core',
      level: 1,
      children: [],
      inEdges: [
        '15s18fx',
        'ydkyfm',
        '9v7vl8',
        '11mt108',
      ],
      outEdges: [],
      title: 'IExporter',
      modelRef: 'internetMonitor.core.exporter',
      shape: 'rectangle',
      color: 'primary',
      style: {
        opacity: 15,
        size: 'md',
      },
      description: {
        txt: 'Common abstraction for export implementations.',
      },
      tags: [],
      kind: 'service',
      x: 1298,
      y: 392,
      width: 320,
      height: 180,
      labelBBox: {
        x: 55,
        y: 56,
        width: 210,
        height: 65,
      },
    },
    {
      id: 'internetMonitor.core.report',
      parent: 'internetMonitor.core',
      level: 1,
      children: [],
      inEdges: [
        '194u2f9',
      ],
      outEdges: [
        '1vwv0no',
      ],
      title: 'Report Service',
      modelRef: 'internetMonitor.core.report',
      shape: 'rectangle',
      color: 'primary',
      style: {
        opacity: 15,
        size: 'md',
      },
      description: {
        txt: 'Creates reports from collected monitoring data.',
      },
      tags: [],
      kind: 'service',
      x: 1776,
      y: 392,
      width: 320,
      height: 180,
      labelBBox: {
        x: 20,
        y: 56,
        width: 279,
        height: 65,
      },
    },
    {
      id: 'internetMonitor.core.data',
      parent: 'internetMonitor.core',
      level: 1,
      children: [],
      inEdges: [
        '1t8wdcv',
        '7x292j',
        '9atqwu',
        '1vwv0no',
      ],
      outEdges: [],
      title: 'Data Service',
      modelRef: 'internetMonitor.core.data',
      shape: 'rectangle',
      color: 'primary',
      style: {
        opacity: 15,
        size: 'md',
      },
      description: {
        txt: 'Provides persistent storage and retrieval of monitoring data.',
      },
      tags: [],
      kind: 'service',
      x: 822,
      y: 715,
      width: 325,
      height: 180,
      labelBBox: {
        x: 18,
        y: 56,
        width: 289,
        height: 65,
      },
    },
  ],
  edges: [
    {
      id: '1t8wdcv',
      source: 'internetMonitor.core.connectivity',
      target: 'internetMonitor.core.data',
      label: 'Stores results',
      points: [
        [
          390,
          555,
        ],
        [
          516,
          607,
        ],
        [
          687,
          679,
        ],
        [
          813,
          732,
        ],
      ],
      labelBBox: {
        x: 626,
        y: 633,
        width: 90,
        height: 18,
      },
      parent: 'internetMonitor.core',
      relations: [
        'k8xjzt',
      ],
      color: 'gray',
      line: 'dashed',
      head: 'normal',
      isLabelCustomized: false,
      controlPoints: null,
    },
    {
      id: '11s6wn7',
      source: 'internetMonitor.core.monitor',
      target: 'internetMonitor.core.connectivity',
      label: 'Runs',
      points: [
        [
          222,
          249,
        ],
        [
          221,
          290,
        ],
        [
          221,
          339,
        ],
        [
          220,
          382,
        ],
      ],
      labelBBox: {
        x: 222,
        y: 310,
        width: 37,
        height: 18,
      },
      parent: 'internetMonitor.core',
      relations: [
        '1spqixz',
      ],
      color: 'gray',
      line: 'dashed',
      head: 'normal',
      isLabelCustomized: false,
      controlPoints: null,
    },
    {
      id: '7x292j',
      source: 'internetMonitor.core.speedtest',
      target: 'internetMonitor.core.data',
      label: 'Stores results',
      points: [
        [
          767,
          572,
        ],
        [
          806,
          614,
        ],
        [
          854,
          664,
        ],
        [
          894,
          707,
        ],
      ],
      labelBBox: {
        x: 844,
        y: 633,
        width: 90,
        height: 18,
      },
      parent: 'internetMonitor.core',
      relations: [
        '1bviap6',
      ],
      color: 'gray',
      line: 'dashed',
      head: 'normal',
      isLabelCustomized: false,
      controlPoints: null,
    },
    {
      id: 'qfurjr',
      source: 'internetMonitor.core.monitor',
      target: 'internetMonitor.core.speedtest',
      label: 'Runs',
      points: [
        [
          351,
          249,
        ],
        [
          412,
          292,
        ],
        [
          485,
          343,
        ],
        [
          547,
          386,
        ],
      ],
      labelBBox: {
        x: 468,
        y: 310,
        width: 37,
        height: 18,
      },
      parent: 'internetMonitor.core',
      relations: [
        '1xn1jyo',
      ],
      color: 'gray',
      line: 'dashed',
      head: 'normal',
      isLabelCustomized: false,
      controlPoints: null,
    },
    {
      id: '9atqwu',
      source: 'internetMonitor.core.export',
      target: 'internetMonitor.core.data',
      label: 'Reads data',
      points: [
        [
          796,
          249,
        ],
        [
          843,
          288,
        ],
        [
          891,
          337,
        ],
        [
          921,
          392,
        ],
        [
          974,
          489,
        ],
        [
          987,
          617,
        ],
        [
          988,
          705,
        ],
      ],
      labelBBox: {
        x: 978,
        y: 472,
        width: 76,
        height: 18,
      },
      parent: 'internetMonitor.core',
      relations: [
        '13e6e6',
      ],
      color: 'gray',
      line: 'dashed',
      head: 'normal',
      isLabelCustomized: false,
      controlPoints: null,
    },
    {
      id: '1vwv0no',
      source: 'internetMonitor.core.report',
      target: 'internetMonitor.core.data',
      label: 'Reads data',
      points: [
        [
          1776,
          537,
        ],
        [
          1742,
          549,
        ],
        [
          1706,
          561,
        ],
        [
          1673,
          572,
        ],
        [
          1497,
          631,
        ],
        [
          1296,
          699,
        ],
        [
          1157,
          746,
        ],
      ],
      labelBBox: {
        x: 1485,
        y: 633,
        width: 76,
        height: 18,
      },
      parent: 'internetMonitor.core',
      relations: [
        '1vd07b4',
      ],
      color: 'gray',
      line: 'dashed',
      head: 'normal',
      isLabelCustomized: false,
      controlPoints: null,
    },
    {
      id: '15s18fx',
      source: 'internetMonitor.core.export',
      target: 'internetMonitor.core.exporter',
      label: 'Uses',
      points: [
        [
          828,
          229,
        ],
        [
          846,
          236,
        ],
        [
          865,
          243,
        ],
        [
          883,
          249,
        ],
        [
          973,
          281,
        ],
        [
          999,
          276,
        ],
        [
          1088,
          309,
        ],
        [
          1155,
          334,
        ],
        [
          1227,
          366,
        ],
        [
          1289,
          396,
        ],
      ],
      labelBBox: {
        x: 1141,
        y: 310,
        width: 36,
        height: 18,
      },
      parent: 'internetMonitor.core',
      relations: [
        '4pb44e',
      ],
      color: 'gray',
      line: 'dashed',
      head: 'normal',
      isLabelCustomized: false,
      controlPoints: null,
    },
    {
      id: 'ydkyfm',
      source: 'internetMonitor.core.jsonExporter',
      target: 'internetMonitor.core.exporter',
      label: 'Implements',
      points: [
        [
          1198,
          249,
        ],
        [
          1245,
          291,
        ],
        [
          1302,
          342,
        ],
        [
          1351,
          385,
        ],
      ],
      labelBBox: {
        x: 1290,
        y: 310,
        width: 76,
        height: 18,
      },
      parent: 'internetMonitor.core',
      relations: [
        '1vngxyo',
      ],
      color: 'gray',
      line: 'dashed',
      head: 'normal',
      isLabelCustomized: false,
      controlPoints: null,
    },
    {
      id: '9v7vl8',
      source: 'internetMonitor.core.csvExporter',
      target: 'internetMonitor.core.exporter',
      label: 'Implements',
      points: [
        [
          1509,
          249,
        ],
        [
          1500,
          290,
        ],
        [
          1489,
          340,
        ],
        [
          1480,
          382,
        ],
      ],
      labelBBox: {
        x: 1496,
        y: 310,
        width: 76,
        height: 18,
      },
      parent: 'internetMonitor.core',
      relations: [
        '97bm5d',
      ],
      color: 'gray',
      line: 'dashed',
      head: 'normal',
      isLabelCustomized: false,
      controlPoints: null,
    },
    {
      id: '11mt108',
      source: 'internetMonitor.core.pdfExporter',
      target: 'internetMonitor.core.exporter',
      label: 'Implements',
      points: [
        [
          1827,
          249,
        ],
        [
          1759,
          292,
        ],
        [
          1678,
          343,
        ],
        [
          1608,
          387,
        ],
      ],
      labelBBox: {
        x: 1730,
        y: 310,
        width: 76,
        height: 18,
      },
      parent: 'internetMonitor.core',
      relations: [
        'smhyd0',
      ],
      color: 'gray',
      line: 'dashed',
      head: 'normal',
      isLabelCustomized: false,
      controlPoints: null,
    },
    {
      id: '194u2f9',
      source: 'internetMonitor.core.pdfExporter',
      target: 'internetMonitor.core.report',
      label: 'Uses',
      points: [
        [
          1960,
          249,
        ],
        [
          1956,
          290,
        ],
        [
          1951,
          339,
        ],
        [
          1946,
          382,
        ],
      ],
      labelBBox: {
        x: 1954,
        y: 310,
        width: 36,
        height: 18,
      },
      parent: 'internetMonitor.core',
      relations: [
        '12v5t2o',
      ],
      color: 'gray',
      line: 'dashed',
      head: 'normal',
      isLabelCustomized: false,
      controlPoints: null,
    },
    {
      id: '1t9opg4',
      source: 'internetMonitor.core',
      target: 'internetMonitor.database',
      label: 'Reads and wirtes',
      points: [
        [
          985,
          935,
        ],
        [
          985,
          958,
        ],
        [
          985,
          983,
        ],
        [
          985,
          1006,
        ],
      ],
      labelBBox: {
        x: 872,
        y: 954,
        width: 112,
        height: 18,
      },
      parent: null,
      relations: [
        '1oktl28',
      ],
      color: 'gray',
      line: 'dashed',
      head: 'normal',
      isLabelCustomized: false,
      controlPoints: null,
    },
  ],
  _layout: 'manual',
}
