{
  _type: 'element',
  tags: null,
  links: null,
  _stage: 'layouted',
  sourcePath: 'views.c4',
  description: null,
  title: 'Internet Monitor - System Overview',
  id: 'systemOverview',
  autoLayout: {
    direction: 'TB',
  },
  hash: '8Hdyw3I4vZfUC7ulv-Egfvi_oz6_k6-EKvuflUvnMik',
  bounds: {
    x: -14,
    y: -20,
    width: 896,
    height: 1240,
  },
  nodes: [
    {
      id: 'user',
      parent: null,
      level: 0,
      children: [],
      inEdges: [],
      outEdges: [
        '1gc51ok',
      ],
      title: 'User',
      modelRef: 'user',
      shape: 'rectangle',
      color: 'primary',
      style: {
        opacity: 15,
        size: 'md',
      },
      tags: [],
      kind: 'actor',
      x: 59,
      y: 0,
      width: 320,
      height: 180,
      labelBBox: {
        x: 137,
        y: 76,
        width: 46,
        height: 24,
      },
      navigateTo: null,
      links: null,
    },
    {
      id: 'internetMonitor',
      parent: null,
      level: 0,
      children: [
        'internetMonitor.cli',
        'internetMonitor.service',
        'internetMonitor.core',
        'internetMonitor.database',
        'internetMonitor.speedtest',
      ],
      inEdges: [
        '1gc51ok',
      ],
      outEdges: [],
      title: 'Internt Monitor',
      modelRef: 'internetMonitor',
      shape: 'rectangle',
      color: 'primary',
      style: {
        opacity: 15,
        size: 'md',
      },
      tags: [],
      kind: 'system',
      depth: 1,
      x: 6,
      y: 272,
      width: 856,
      height: 928,
      labelBBox: {
        x: 6,
        y: 0,
        width: 107,
        height: 15,
      },
      navigateTo: null,
      links: null,
    },
    {
      id: 'internetMonitor.cli',
      parent: 'internetMonitor',
      level: 1,
      children: [],
      inEdges: [
        '1gc51ok',
      ],
      outEdges: [
        '1xg0m6v',
      ],
      title: 'InternetMonitor.CLI',
      modelRef: 'internetMonitor.cli',
      shape: 'rectangle',
      color: 'primary',
      style: {
        opacity: 15,
        size: 'md',
      },
      description: {
        txt: 'Command-line interface for controlling and using Intenet Monitor.',
      },
      tags: [],
      kind: 'application',
      x: 58,
      y: 332,
      width: 322,
      height: 180,
      labelBBox: {
        x: 18,
        y: 56,
        width: 287,
        height: 65,
      },
      navigateTo: null,
      links: null,
    },
    {
      id: 'internetMonitor.service',
      parent: 'internetMonitor',
      level: 1,
      children: [],
      inEdges: [],
      outEdges: [
        '1ql2elo',
      ],
      title: 'InternetMonitor.Service',
      modelRef: 'internetMonitor.service',
      shape: 'rectangle',
      color: 'primary',
      style: {
        opacity: 15,
        size: 'md',
      },
      description: {
        txt: 'Background service that runs the Internet moritoring process.',
      },
      tags: [],
      kind: 'application',
      x: 490,
      y: 332,
      width: 320,
      height: 180,
      labelBBox: {
        x: 21,
        y: 56,
        width: 278,
        height: 65,
      },
      navigateTo: null,
      links: null,
    },
    {
      id: 'internetMonitor.core',
      parent: 'internetMonitor',
      level: 1,
      children: [],
      inEdges: [
        '1xg0m6v',
        '1ql2elo',
      ],
      outEdges: [
        '1t9opg4',
        'jtuqxs',
      ],
      title: 'InternetMonitor.Core',
      modelRef: 'internetMonitor.core',
      shape: 'rectangle',
      color: 'primary',
      style: {
        opacity: 15,
        size: 'md',
      },
      description: {
        txt: 'Core services, models, data access and moritoring logic.',
      },
      tags: [],
      kind: 'application',
      x: 245,
      y: 652,
      width: 320,
      height: 180,
      labelBBox: {
        x: 25,
        y: 56,
        width: 270,
        height: 65,
      },
      navigateTo: null,
      links: null,
    },
    {
      id: 'internetMonitor.database',
      parent: 'internetMonitor',
      level: 1,
      children: [],
      inEdges: [
        '1t9opg4',
      ],
      outEdges: [],
      title: 'SQLite Database',
      modelRef: 'internetMonitor.database',
      shape: 'rectangle',
      color: 'primary',
      style: {
        opacity: 15,
        size: 'md',
      },
      description: {
        txt: 'Stores connectivity and speed test results.',
      },
      tags: [],
      kind: 'database',
      x: 48,
      y: 978,
      width: 321,
      height: 180,
      labelBBox: {
        x: 19,
        y: 65,
        width: 285,
        height: 47,
      },
      navigateTo: null,
      links: null,
    },
    {
      id: 'internetMonitor.speedtest',
      parent: 'internetMonitor',
      level: 1,
      children: [],
      inEdges: [
        'jtuqxs',
      ],
      outEdges: [],
      title: 'Ookla Speedtest CLI',
      modelRef: 'internetMonitor.speedtest',
      shape: 'rectangle',
      color: 'primary',
      style: {
        opacity: 15,
        size: 'md',
      },
      description: {
        txt: 'External Ookla Speedtest command-line tool.',
      },
      tags: [],
      kind: 'application',
      x: 479,
      y: 978,
      width: 341,
      height: 180,
      labelBBox: {
        x: 19,
        y: 65,
        width: 305,
        height: 47,
      },
      navigateTo: null,
      links: null,
    },
  ],
  edges: [
    {
      id: '1gc51ok',
      parent: null,
      source: 'user',
      target: 'internetMonitor.cli',
      label: 'Uses',
      relations: [
        '1wiob87',
      ],
      color: 'gray',
      line: 'dashed',
      head: 'normal',
      points: [
        [
          219,
          240,
        ],
        [
          219,
          271,
        ],
      ],
      labelBBox: {
        x: 219,
        y: 240,
        width: 36,
        height: 18,
      },
      controlPoints: [
        {
          x: 219,
          y: 240,
        },
        {
          x: 219,
          y: 271,
        },
      ],
      isLabelCustomized: false,
      navigateTo: null,
      tags: null,
    },
    {
      id: '1xg0m6v',
      parent: 'internetMonitor',
      source: 'internetMonitor.cli',
      target: 'internetMonitor.core',
      label: 'Uses',
      relations: [
        'ih9kdh',
      ],
      color: 'gray',
      line: 'dashed',
      head: 'normal',
      points: [
        [
          219,
          512,
        ],
        [
          219,
          553,
        ],
        [
          219,
          602,
        ],
        [
          219,
          645,
        ],
      ],
      labelBBox: {
        x: 306,
        y: 571,
        width: 36,
        height: 18,
      },
      isLabelCustomized: false,
      controlPoints: [
        {
          x: 308,
          y: 575,
        },
      ],
      navigateTo: null,
      tags: null,
    },
    {
      id: '1ql2elo',
      parent: 'internetMonitor',
      source: 'internetMonitor.service',
      target: 'internetMonitor.core',
      label: 'Uses',
      relations: [
        '1itfpdl',
      ],
      color: 'gray',
      line: 'dashed',
      head: 'normal',
      points: [
        [
          531,
          512,
        ],
        [
          473,
          555,
        ],
        [
          405,
          606,
        ],
        [
          346,
          649,
        ],
      ],
      labelBBox: {
        x: 535,
        y: 571,
        width: 36,
        height: 18,
      },
      isLabelCustomized: false,
      controlPoints: [
        {
          x: 551,
          y: 550,
        },
      ],
      navigateTo: null,
      tags: null,
    },
    {
      id: '1t9opg4',
      parent: 'internetMonitor',
      source: 'internetMonitor.core',
      target: 'internetMonitor.database',
      label: 'Reads and wirtes',
      relations: [
        '1oktl28',
      ],
      color: 'gray',
      line: 'dashed',
      head: 'normal',
      points: [
        [
          216,
          835,
        ],
        [
          215,
          876,
        ],
        [
          213,
          925,
        ],
        [
          212,
          967,
        ],
      ],
      labelBBox: {
        x: 314,
        y: 894,
        width: 112,
        height: 18,
      },
      isLabelCustomized: false,
      controlPoints: [
        {
          x: 311,
          y: 897,
        },
      ],
      navigateTo: null,
      tags: null,
    },
    {
      id: 'jtuqxs',
      parent: 'internetMonitor',
      source: 'internetMonitor.core',
      target: 'internetMonitor.speedtest',
      label: 'Executes',
      relations: [
        'kqw33r',
      ],
      color: 'gray',
      line: 'dashed',
      head: 'normal',
      points: [
        [
          338,
          835,
        ],
        [
          396,
          877,
        ],
        [
          464,
          928,
        ],
        [
          523,
          972,
        ],
      ],
      labelBBox: {
        x: 539,
        y: 894,
        width: 62,
        height: 18,
      },
      isLabelCustomized: false,
      controlPoints: [
        {
          x: 561,
          y: 949,
        },
      ],
      navigateTo: null,
      tags: null,
    },
  ],
  _layout: 'manual',
}
